{"errors":[{"message":"got ID bad, want workflowID","path":["deleteWorkflow"]}],"data":{"deleteWorkflow":null}}