{"data":{"deleteWorkflow":{"id":"workflowID","name":"workflowName"}}}