{
	"errors": [
		{
			"message": "got ID bad, want workflowID",
			"path": [
				"workflow"
			]
		}
	],
	"data": {
		"workflow": null
	}
}