{"data":{"workflow":{"id":"workflowID","name":"workflowName"}}}