{"errors":[{"message":"got name bad, want workflowName","path":["createWorkflow"]}],"data":{"createWorkflow":null}}