{"data":{"createWorkflow":{"id":"workflowID","name":"workflowName"}}}