{"data":{"workflow":{"id":"workflowID","name":"workflowName","createdBy":{"id":"507f1f77bcf86cd799439011","login":"jimbob"},"createdAt":"2020-01-20T19:21:30Z","startedAt":"2020-01-20T19:21:31Z","finishedAt":"2020-01-20T19:21:32Z","status":"COMPLETED","jobs":{"edges":[{"cursor":"id1","node":{"id":"id1","name":"name1"}},{"cursor":"id2","node":{"id":"id2","name":"name2"}}],"pageInfo":{"startCursor":"startCursor","endCursor":"endCursor","hasNextPage":true,"hasPreviousPage":false},"totalCount":2}}}}