{"data":{"serverBuildInfo":{"gitVersion":null,"gitCommit":null,"gitTreeState":null,"builtAt":"2020-01-20T19:21:30Z","goVersion":"go1.14","compiler":"gc","platform":"linux/amd64"}}}