{"data":{"serverBuildInfo":{"gitVersion":null,"gitCommit":"50b3625811b4a5a6ecd3fcdf3a0180cf2908b651","gitTreeState":null,"builtAt":null,"goVersion":"go1.14","compiler":"gc","platform":"linux/amd64"}}}