{"data":{"serverBuildInfo":{"gitVersion":null,"gitCommit":null,"gitTreeState":"clean","builtAt":null,"goVersion":"go1.14","compiler":"gc","platform":"linux/amd64"}}}