{"data":{"serverBuildInfo":{"gitVersion":{"major":1,"minor":2,"patch":3,"preRelease":null,"buildMetadata":"four.five"},"gitCommit":null,"gitTreeState":null,"builtAt":null,"goVersion":"go1.14","compiler":"gc","platform":"linux/amd64"}}}