{"data":{"serverBuildInfo":{"gitVersion":{"major":0,"minor":1,"patch":2,"preRelease":null,"buildMetadata":null},"gitCommit":null,"gitTreeState":null,"builtAt":null,"goVersion":"go1.14","compiler":"gc","platform":"linux/amd64"}}}